// Jest Snapshot v1, https://goo.gl/fbAQLP

exports[`Pruebas en <GifItem/> debe de hacer match con el snapshot 1`] = `
<div>
  <div
    class="card"
  >
    <img
      alt="Saitama"
      src="https://media4.giphy.com/media/DBv3fLQGTBmJW/giphy.gif?cid=56ae463f4pe40f6st6j85hphqoqfmnb5bpq4xylrzla48ct7&ep=v1_gifs_search&rid=giphy.gif&ct=g"
    />
    <p>
      Saitama
    </p>
  </div>
</div>
`;
